Archive member included to satisfy reference by file (symbol)

C:\Users\CoBoL\workspace_nion\stm32f407g-disc1_stdperiph_lib\Debug\libstm32f407g-disc1_stdperiph_lib.a(misc.o)
                              src/tm_stm32f4_usart.o (NVIC_Init)
C:\Users\CoBoL\workspace_nion\stm32f407g-disc1_stdperiph_lib\Debug\libstm32f407g-disc1_stdperiph_lib.a(stm32f4xx_adc.o)
                              src/tm_stm32f4_adc.o (ADC_Init)
C:\Users\CoBoL\workspace_nion\stm32f407g-disc1_stdperiph_lib\Debug\libstm32f407g-disc1_stdperiph_lib.a(stm32f4xx_i2c.o)
                              src/tm_stm32f4_i2c.o (I2C_Init)
C:\Users\CoBoL\workspace_nion\stm32f407g-disc1_stdperiph_lib\Debug\libstm32f407g-disc1_stdperiph_lib.a(stm32f4xx_rcc.o)
                              C:\Users\CoBoL\workspace_nion\stm32f407g-disc1_stdperiph_lib\Debug\libstm32f407g-disc1_stdperiph_lib.a(stm32f4xx_i2c.o) (RCC_GetClocksFreq)
C:\Users\CoBoL\workspace_nion\stm32f407g-disc1_stdperiph_lib\Debug\libstm32f407g-disc1_stdperiph_lib.a(stm32f4xx_usart.o)
                              src/tm_stm32f4_usart.o (USART_DeInit)
c:/users/cobol/.p2/pool/plugins/fr.ac6.mcu.externaltools.arm-none.win32_1.12.0.201611241417/tools/compiler/bin/../lib/gcc/arm-none-eabi/5.4.1/../../../../arm-none-eabi/lib/armv7e-m/fpu\libc.a(lib_a-errno.o)
                              src/syscalls.o (__errno)
c:/users/cobol/.p2/pool/plugins/fr.ac6.mcu.externaltools.arm-none.win32_1.12.0.201611241417/tools/compiler/bin/../lib/gcc/arm-none-eabi/5.4.1/../../../../arm-none-eabi/lib/armv7e-m/fpu\libc.a(lib_a-exit.o)
                              c:/users/cobol/.p2/pool/plugins/fr.ac6.mcu.externaltools.arm-none.win32_1.12.0.201611241417/tools/compiler/bin/../lib/gcc/arm-none-eabi/5.4.1/../../../../arm-none-eabi/lib/armv7e-m/fpu/crt0.o (exit)
c:/users/cobol/.p2/pool/plugins/fr.ac6.mcu.externaltools.arm-none.win32_1.12.0.201611241417/tools/compiler/bin/../lib/gcc/arm-none-eabi/5.4.1/../../../../arm-none-eabi/lib/armv7e-m/fpu\libc.a(lib_a-impure.o)
                              c:/users/cobol/.p2/pool/plugins/fr.ac6.mcu.externaltools.arm-none.win32_1.12.0.201611241417/tools/compiler/bin/../lib/gcc/arm-none-eabi/5.4.1/../../../../arm-none-eabi/lib/armv7e-m/fpu\libc.a(lib_a-exit.o) (_global_impure_ptr)
c:/users/cobol/.p2/pool/plugins/fr.ac6.mcu.externaltools.arm-none.win32_1.12.0.201611241417/tools/compiler/bin/../lib/gcc/arm-none-eabi/5.4.1/../../../../arm-none-eabi/lib/armv7e-m/fpu\libc.a(lib_a-init.o)
                              c:/users/cobol/.p2/pool/plugins/fr.ac6.mcu.externaltools.arm-none.win32_1.12.0.201611241417/tools/compiler/bin/../lib/gcc/arm-none-eabi/5.4.1/../../../../arm-none-eabi/lib/armv7e-m/fpu/crt0.o (__libc_init_array)
c:/users/cobol/.p2/pool/plugins/fr.ac6.mcu.externaltools.arm-none.win32_1.12.0.201611241417/tools/compiler/bin/../lib/gcc/arm-none-eabi/5.4.1/../../../../arm-none-eabi/lib/armv7e-m/fpu\libc.a(lib_a-malloc.o)
                              src/buffer.o (malloc)
c:/users/cobol/.p2/pool/plugins/fr.ac6.mcu.externaltools.arm-none.win32_1.12.0.201611241417/tools/compiler/bin/../lib/gcc/arm-none-eabi/5.4.1/../../../../arm-none-eabi/lib/armv7e-m/fpu\libc.a(lib_a-mallocr.o)
                              c:/users/cobol/.p2/pool/plugins/fr.ac6.mcu.externaltools.arm-none.win32_1.12.0.201611241417/tools/compiler/bin/../lib/gcc/arm-none-eabi/5.4.1/../../../../arm-none-eabi/lib/armv7e-m/fpu\libc.a(lib_a-malloc.o) (_malloc_r)
c:/users/cobol/.p2/pool/plugins/fr.ac6.mcu.externaltools.arm-none.win32_1.12.0.201611241417/tools/compiler/bin/../lib/gcc/arm-none-eabi/5.4.1/../../../../arm-none-eabi/lib/armv7e-m/fpu\libc.a(lib_a-memcpy.o)
                              src/buffer.o (memcpy)
c:/users/cobol/.p2/pool/plugins/fr.ac6.mcu.externaltools.arm-none.win32_1.12.0.201611241417/tools/compiler/bin/../lib/gcc/arm-none-eabi/5.4.1/../../../../arm-none-eabi/lib/armv7e-m/fpu\libc.a(lib_a-memset.o)
                              c:/users/cobol/.p2/pool/plugins/fr.ac6.mcu.externaltools.arm-none.win32_1.12.0.201611241417/tools/compiler/bin/../lib/gcc/arm-none-eabi/5.4.1/../../../../arm-none-eabi/lib/armv7e-m/fpu/crt0.o (memset)
c:/users/cobol/.p2/pool/plugins/fr.ac6.mcu.externaltools.arm-none.win32_1.12.0.201611241417/tools/compiler/bin/../lib/gcc/arm-none-eabi/5.4.1/../../../../arm-none-eabi/lib/armv7e-m/fpu\libc.a(lib_a-mlock.o)
                              c:/users/cobol/.p2/pool/plugins/fr.ac6.mcu.externaltools.arm-none.win32_1.12.0.201611241417/tools/compiler/bin/../lib/gcc/arm-none-eabi/5.4.1/../../../../arm-none-eabi/lib/armv7e-m/fpu\libc.a(lib_a-mallocr.o) (__malloc_lock)
c:/users/cobol/.p2/pool/plugins/fr.ac6.mcu.externaltools.arm-none.win32_1.12.0.201611241417/tools/compiler/bin/../lib/gcc/arm-none-eabi/5.4.1/../../../../arm-none-eabi/lib/armv7e-m/fpu\libc.a(lib_a-sbrkr.o)
[...]
Memory Configuration

Name             Origin             Length             Attributes
RAM              0x20000000         0x00020000         xrw
ROM              0x08000000         0x00100000         xr
*default*        0x00000000         0xffffffff

Linker script and memory map

LOAD c:/users/cobol/.p2/pool/plugins/fr.ac6.mcu.externaltools.arm-none.win32_1.12.0.201611241417/tools/compiler/bin/../lib/gcc/arm-none-eabi/5.4.1/armv7e-m/fpu/crti.o
LOAD c:/users/cobol/.p2/pool/plugins/fr.ac6.mcu.externaltools.arm-none.win32_1.12.0.201611241417/tools/compiler/bin/../lib/gcc/arm-none-eabi/5.4.1/armv7e-m/fpu/crtbegin.o
LOAD c:/users/cobol/.p2/pool/plugins/fr.ac6.mcu.externaltools.arm-none.win32_1.12.0.201611241417/tools/compiler/bin/../lib/gcc/arm-none-eabi/5.4.1/../../../../arm-none-eabi/lib/armv7e-m/fpu/crt0.o
LOAD c:/users/cobol/.p2/pool/plugins/fr.ac6.mcu.externaltools.arm-none.win32_1.12.0.201611241417/tools/compiler/bin/../lib/gcc/arm-none-eabi/5.4.1/../../../../arm-none-eabi/lib/armv7e-m/fpu\libm.a
LOAD src/buffer.o
LOAD src/croutine.o
LOAD src/event_groups.o
LOAD src/heap_1.o
LOAD src/list.o
LOAD src/main.o
LOAD src/port.o
LOAD src/queue.o
LOAD src/syscalls.o
LOAD src/system_stm32f4xx.o
LOAD src/tasks.o
LOAD src/timers.o
LOAD src/tm_stm32f4_adc.o
LOAD src/tm_stm32f4_disco.o
LOAD src/tm_stm32f4_gpio.o
LOAD src/tm_stm32f4_i2c.o
LOAD src/tm_stm32f4_usart.o
LOAD startup/startup_stm32.o
LOAD C:\Users\CoBoL\workspace_nion\stm32f407g-disc1_stdperiph_lib\Debug\libstm32f407g-disc1_stdperiph_lib.a
START GROUP
LOAD c:/users/cobol/.p2/pool/plugins/fr.ac6.mcu.externaltools.arm-none.win32_1.12.0.201611241417/tools/compiler/bin/../lib/gcc/arm-none-eabi/5.4.1/armv7e-m/fpu\libgcc.a
LOAD c:/users/cobol/.p2/pool/plugins/fr.ac6.mcu.externaltools.arm-none.win32_1.12.0.201611241417/tools/compiler/bin/../lib/gcc/arm-none-eabi/5.4.1/../../../../arm-none-eabi/lib/armv7e-m/fpu\libc.a
END GROUP
LOAD c:/users/cobol/.p2/pool/plugins/fr.ac6.mcu.externaltools.arm-none.win32_1.12.0.201611241417/tools/compiler/bin/../lib/gcc/arm-none-eabi/5.4.1/armv7e-m/fpu/crtend.o
LOAD c:/users/cobol/.p2/pool/plugins/fr.ac6.mcu.externaltools.arm-none.win32_1.12.0.201611241417/tools/compiler/bin/../lib/gcc/arm-none-eabi/5.4.1/armv7e-m/fpu/crtn.o
                0x20020000                _estack = 0x20020000
                0x00000000                _Min_Heap_Size = 0x0
                0x00000400                _Min_Stack_Size = 0x400

.isr_vector     0x08000000      0x188
                0x08000000                . = ALIGN (0x4)
 *(.isr_vector)
 .isr_vector    0x08000000      0x188 startup/startup_stm32.o
                0x08000000                g_pfnVectors
                0x08000188                . = ALIGN (0x4)

.text           0x08000188     0x40b4
                0x08000188                . = ALIGN (0x4)
 *(.text)
 .text          0x08000188       0x5c c:/users/cobol/.p2/pool/plugins/fr.ac6.mcu.externaltools.arm-none.win32_1.12.0.201611241417/tools/compiler/bin/../lib/gcc/arm-none-eabi/5.4.1/armv7e-m/fpu/crtbegin.o
 .text          0x080001e4      0x134 c:/users/cobol/.p2/pool/plugins/fr.ac6.mcu.externaltools.arm-none.win32_1.12.0.201611241417/tools/compiler/bin/../lib/gcc/arm-none-eabi/5.4.1/../../../../arm-none-eabi/lib/armv7e-m/fpu\libc.a(lib_a-memcpy.o)
                0x080001e4                memcpy
 *(.text*)
 .text.pvPortMalloc
                0x08000318       0x8c src/heap_1.o
                0x08000318                pvPortMalloc
 .text.vPortFree
                0x080003a4       0x1c src/heap_1.o
                0x080003a4                vPortFree
 .text.vListInitialise
                0x080003c0       0x40 src/list.o
                0x080003c0                vListInitialise
 .text.vListInitialiseItem
                0x08000400       0x1c src/list.o
                0x08000400                vListInitialiseItem
 .text.vListInsertEnd
                0x0800041c       0x48 src/list.o
                0x0800041c                vListInsertEnd
 .text.vListInsert
                0x08000464       0x74 src/list.o
                0x08000464                vListInsert
 .text.uxListRemove
                0x080004d8       0x54 src/list.o
                0x080004d8                uxListRemove
 .text.Comm_Unblock
                0x0800052c       0x34 src/main.o
                0x0800052c                Comm_Unblock
 .text.ACC_Unblock
                0x08000560       0x34 src/main.o
                0x08000560                ACC_Unblock
 .text.Piz_Unblock
                0x08000594       0x34 src/main.o
                0x08000594                Piz_Unblock
 .text.Send     0x080005c8       0x14 src/main.o
                0x080005c8                Send
 .text.Communication
                0x080005dc       0xc0 src/main.o
                0x080005dc                Communication
 .text.fillABuf
                0x0800069c       0x14 src/main.o
                0x0800069c                fillABuf
 .text.fillPBuf
                0x080006b0       0x14 src/main.o
                0x080006b0                fillPBuf
 .text.Piezo    0x080006c4       0xcc src/main.o
                0x080006c4                Piezo
 .text.Accelerometer
                0x08000790       0xcc src/main.o
                0x08000790                Accelerometer
 .text.main     0x0800085c      0x1fc src/main.o
                0x0800085c                main
 .text.pxPortInitialiseStack
                0x08000a58       0x64 src/port.o
                0x08000a58                pxPortInitialiseStack
 .text.prvTaskExitError
                0x08000abc       0x20 src/port.o
 .text.SVC_Handler
                0x08000adc       0x24 src/port.o
                0x08000adc                SVC_Handler
 .text.prvPortStartFirstTask
                0x08000b00       0x20 src/port.o
 .text.xPortStartScheduler
                0x08000b20       0xd0 src/port.o
                0x08000b20                xPortStartScheduler
 .text.vPortYield
                0x08000bf0       0x24 src/port.o
                0x08000bf0                vPortYield
 .text.vPortEnterCritical
                0x08000c14       0x40 src/port.o
                0x08000c14                vPortEnterCritical
 .text.vPortExitCritical
                0x08000c54       0x34 src/port.o
                0x08000c54                vPortExitCritical
 .text.ulPortSetInterruptMask
                0x08000c88       0x14 src/port.o
                0x08000c88                ulPortSetInterruptMask
 .text.vPortClearInterruptMask
                0x08000c9c        0x8 src/port.o
                0x08000c9c                vPortClearInterruptMask
 .text.PendSV_Handler
                0x08000ca4       0x5c src/port.o
                0x08000ca4                PendSV_Handler
 .text.SysTick_Handler
                0x08000d00       0x28 src/port.o
                0x08000d00                SysTick_Handler
 .text.vPortSetupTimerInterrupt
                0x08000d28       0x38 src/port.o
                0x08000d28                vPortSetupTimerInterrupt
 .text.vPortEnableVFP
                0x08000d60       0x14 src/port.o
 .text.vPortValidateInterruptPriority
                0x08000d74       0x5c src/port.o
                0x08000d74                vPortValidateInterruptPriority
 .text.xQueueGenericReset
                0x08000dd0       0xb0 src/queue.o
                0x08000dd0                xQueueGenericReset
 .text.xQueueGenericCreate
                0x08000e80       0x84 src/queue.o
                0x08000e80                xQueueGenericCreate
 .text.xQueueGenericSend
                0x08000f04      0x188 src/queue.o
                0x08000f04                xQueueGenericSend
 .text.xQueueGenericSendFromISR
                0x0800108c       0xe8 src/queue.o
                0x0800108c                xQueueGenericSendFromISR
 .text.xQueueGenericReceive
                0x08001174      0x1b8 src/queue.o
                0x08001174                xQueueGenericReceive
 .text.prvCopyDataToQueue
                0x0800132c       0xdc src/queue.o
 .text.prvCopyDataFromQueue
                0x08001408       0x54 src/queue.o
 .text.prvUnlockQueue
                0x0800145c       0x98 src/queue.o
 .text.prvIsQueueEmpty
                0x080014f4       0x2c src/queue.o
 .text.prvIsQueueFull
                0x08001520       0x30 src/queue.o
 .text.vQueueAddToRegistry
                0x08001550       0x50 src/queue.o
                0x08001550                vQueueAddToRegistry
 .text.vQueueWaitForMessageRestricted
                0x080015a0       0x58 src/queue.o
                0x080015a0                vQueueWaitForMessageRestricted
 .text._sbrk    0x080015f8       0x58 src/syscalls.o
                0x080015f8                _sbrk
 .text.SystemInit
                0x08001650       0x6c src/system_stm32f4xx.o
                0x08001650                SystemInit
 .text.SetSysClock
                0x080016bc       0xf8 src/system_stm32f4xx.o
 .text.xTaskGenericCreate
                0x080017b4      0x168 src/tasks.o
                0x080017b4                xTaskGenericCreate
 .text.vTaskStartScheduler
                0x0800191c       0x70 src/tasks.o
                0x0800191c                vTaskStartScheduler
 .text.vTaskSuspendAll
                0x0800198c       0x1c src/tasks.o
                0x0800198c                vTaskSuspendAll
 .text.xTaskResumeAll
                0x080019a8      0x10c src/tasks.o
                0x080019a8                xTaskResumeAll
 .text.xTaskGetTickCount
                0x08001ab4       0x24 src/tasks.o
                0x08001ab4                xTaskGetTickCount
 .text.xTaskIncrementTick
                0x08001ad8      0x170 src/tasks.o
                0x08001ad8                xTaskIncrementTick
 .text.vTaskSwitchContext
                0x08001c48       0xa4 src/tasks.o
                0x08001c48                vTaskSwitchContext
 .text.vTaskPlaceOnEventList
                0x08001cec       0x6c src/tasks.o
                0x08001cec                vTaskPlaceOnEventList
 .text.vTaskPlaceOnEventListRestricted
                0x08001d58       0x50 src/tasks.o
                0x08001d58                vTaskPlaceOnEventListRestricted
 .text.xTaskRemoveFromEventList
                0x08001da8       0xb8 src/tasks.o
                0x08001da8                xTaskRemoveFromEventList
 .text.vTaskSetTimeOutState
                0x08001e60       0x34 src/tasks.o
                0x08001e60                vTaskSetTimeOutState
 .text.xTaskCheckForTimeOut
                0x08001e94       0xa0 src/tasks.o
                0x08001e94                xTaskCheckForTimeOut
 .text.vTaskMissedYield
                0x08001f34       0x18 src/tasks.o
                0x08001f34                vTaskMissedYield
 .text.prvIdleTask
                0x08001f4c       0x20 src/tasks.o
 .text.prvInitialiseTCBVariables
                0x08001f6c       0x9c src/tasks.o
 .text.prvInitialiseTaskLists
                0x08002008       0x80 src/tasks.o
 .text.prvCheckTasksWaitingTermination
                0x08002088       0x78 src/tasks.o
 .text.prvAddCurrentTaskToDelayedList
                0x08002100       0x6c src/tasks.o
 .text.prvAllocateTCBAndStack
                0x0800216c       0x64 src/tasks.o
 .text.prvDeleteTCB
                0x080021d0       0x20 src/tasks.o
 .text.prvResetNextTaskUnblockTime
                0x080021f0       0x4c src/tasks.o
 .text.xTaskGetCurrentTaskHandle
                0x0800223c       0x20 src/tasks.o
                0x0800223c                xTaskGetCurrentTaskHandle
 .text.xTaskGetSchedulerState
                0x0800225c       0x3c src/tasks.o
                0x0800225c                xTaskGetSchedulerState
 .text.vTaskPriorityInherit
                0x08002298       0xbc src/tasks.o
                0x08002298                vTaskPriorityInherit
 .text.xTaskPriorityDisinherit
                0x08002354       0x90 src/tasks.o
                0x08002354                xTaskPriorityDisinherit
 .text.vTaskIncrementMutexHeldCount
                0x080023e4       0x24 src/tasks.o
                0x080023e4                vTaskIncrementMutexHeldCount
 .text.vTaskDecrementMutexHeldCount
                0x08002408       0x30 src/tasks.o
                0x08002408                vTaskDecrementMutexHeldCount
 .text.xTimerCreateTimerTask
                0x08002438       0x58 src/timers.o
                0x08002438                xTimerCreateTimerTask
 .text.xTimerCreate
                0x08002490       0x6c src/timers.o
                0x08002490                xTimerCreate
 .text.xTimerGenericCommand
                0x080024fc       0x80 src/timers.o
                0x080024fc                xTimerGenericCommand
 .text.prvProcessExpiredTimer
                0x0800257c       0x70 src/timers.o
 .text.prvTimerTask
                0x080025ec       0x24 src/timers.o
 .text.prvProcessTimerOrBlockTask
                0x08002610       0x6c src/timers.o
 .text.prvGetNextExpireTime
                0x0800267c       0x48 src/timers.o
 .text.prvSampleTimeNow
                0x080026c4       0x40 src/timers.o
 .text.prvInsertTimerInActiveList
                0x08002704       0x84 src/timers.o
 .text.prvProcessReceivedCommands
                0x08002788      0x104 src/timers.o
 .text.prvSwitchTimerLists
                0x0800288c       0xb4 src/timers.o
 .text.prvCheckForValidListAndQueue
                0x08002940       0x7c src/timers.o
 .text.TM_DISCO_LedInit
                0x080029bc       0x30 src/tm_stm32f4_disco.o
                0x080029bc                TM_DISCO_LedInit
 .text.TM_GPIO_Init
                0x080029ec       0x48 src/tm_stm32f4_gpio.o
                0x080029ec                TM_GPIO_Init
 .text.TM_GPIO_InitAlternate
                0x08002a34       0xa8 src/tm_stm32f4_gpio.o
                0x08002a34                TM_GPIO_InitAlternate
 .text.TM_GPIO_GetPortSource
                0x08002adc       0x24 src/tm_stm32f4_gpio.o
                0x08002adc                TM_GPIO_GetPortSource
 .text.TM_GPIO_INT_EnableClock
                0x08002b00       0x30 src/tm_stm32f4_gpio.o
                0x08002b00                TM_GPIO_INT_EnableClock
 .text.TM_GPIO_INT_Init
                0x08002b30      0x10c src/tm_stm32f4_gpio.o
                0x08002b30                TM_GPIO_INT_Init
 .text.TM_USART_Init
                0x08002c3c      0x108 src/tm_stm32f4_usart.o
                0x08002c3c                TM_USART_Init
 .text.TM_USART_Puts
                0x08002d44       0x5c src/tm_stm32f4_usart.o
                0x08002d44                TM_USART_Puts
 .text.TM_USART_InitCustomPinsCallback
                0x08002da0       0x18 src/tm_stm32f4_usart.o
                0x08002da0                TM_USART_InitCustomPinsCallback
 .text.TM_USART_INT_GetUsart
                0x08002db8       0x90 src/tm_stm32f4_usart.o
                0x08002db8                TM_USART_INT_GetUsart
 .text.TM_USART_INT_GetSubPriority
                0x08002e48       0x78 src/tm_stm32f4_usart.o
                0x08002e48                TM_USART_INT_GetSubPriority
 .text.TM_USART1_InitPins
                0x08002ec0       0x64 src/tm_stm32f4_usart.o
                0x08002ec0                TM_USART1_InitPins
 .text.TM_USART2_InitPins
                0x08002f24       0x60 src/tm_stm32f4_usart.o
                0x08002f24                TM_USART2_InitPins
 .text.TM_USART3_InitPins
                0x08002f84       0x84 src/tm_stm32f4_usart.o
                0x08002f84                TM_USART3_InitPins
 .text.TM_UART4_InitPins
                0x08003008       0x64 src/tm_stm32f4_usart.o
                0x08003008                TM_UART4_InitPins
 .text.TM_UART5_InitPins
                0x0800306c       0x5c src/tm_stm32f4_usart.o
                0x0800306c                TM_UART5_InitPins
 .text.TM_USART6_InitPins
                0x080030c8       0x64 src/tm_stm32f4_usart.o
                0x080030c8                TM_USART6_InitPins
 .text.TM_USART_INT_Init
                0x0800312c      0x18c src/tm_stm32f4_usart.o
 .text.Reset_Handler
                0x080032b8       0x48 startup/startup_stm32.o
                0x080032b8                Reset_Handler
 .text.Default_Handler
                0x08003300        0x2 startup/startup_stm32.o
                0x08003300                HardFault_Handler
                0x08003300                NMI_Handler
                0x08003300                UsageFault_Handler
                0x08003300                Default_Handler
                0x08003300                MemManage_Handler
                0x08003300                BusFault_Handler
                0x08003300                DebugMon_Handler
 *fill*         0x08003302        0x2 
 .text.NVIC_Init
                0x08003304       0xc4 C:\Users\CoBoL\workspace_nion\stm32f407g-disc1_stdperiph_lib\Debug\libstm32f407g-disc1_stdperiph_lib.a(misc.o)
                0x08003304                NVIC_Init
 .text.RCC_GetClocksFreq
                0x080033c8      0x154 C:\Users\CoBoL\workspace_nion\stm32f407g-disc1_stdperiph_lib\Debug\libstm32f407g-disc1_stdperiph_lib.a(stm32f4xx_rcc.o)
                0x080033c8                RCC_GetClocksFreq
 .text.RCC_APB1PeriphResetCmd
                0x0800351c       0x40 C:\Users\CoBoL\workspace_nion\stm32f407g-disc1_stdperiph_lib\Debug\libstm32f407g-disc1_stdperiph_lib.a(stm32f4xx_rcc.o)
                0x0800351c                RCC_APB1PeriphResetCmd
 .text.RCC_APB2PeriphResetCmd
                0x0800355c       0x40 C:\Users\CoBoL\workspace_nion\stm32f407g-disc1_stdperiph_lib\Debug\libstm32f407g-disc1_stdperiph_lib.a(stm32f4xx_rcc.o)
                0x0800355c                RCC_APB2PeriphResetCmd
 .text.USART_DeInit
                0x0800359c      0x118 C:\Users\CoBoL\workspace_nion\stm32f407g-disc1_stdperiph_lib\Debug\libstm32f407g-disc1_stdperiph_lib.a(stm32f4xx_usart.o)
                0x0800359c                USART_DeInit
 .text.USART_Init
                0x080036b4      0x174 C:\Users\CoBoL\workspace_nion\stm32f407g-disc1_stdperiph_lib\Debug\libstm32f407g-disc1_stdperiph_lib.a(stm32f4xx_usart.o)
                0x080036b4                USART_Init
 .text.__errno  0x08003828        0xc c:/users/cobol/.p2/pool/plugins/fr.ac6.mcu.externaltools.arm-none.win32_1.12.0.201611241417/tools/compiler/bin/../lib/gcc/arm-none-eabi/5.4.1/../../../../arm-none-eabi/lib/armv7e-m/fpu\libc.a(lib_a-errno.o)
                0x08003828                __errno
 .text.__libc_init_array
                0x08003834       0x50 c:/users/cobol/.p2/pool/plugins/fr.ac6.mcu.externaltools.arm-none.win32_1.12.0.201611241417/tools/compiler/bin/../lib/gcc/arm-none-eabi/5.4.1/../../../../arm-none-eabi/lib/armv7e-m/fpu\libc.a(lib_a-init.o)
                0x08003834                __libc_init_array
 .text.malloc   0x08003884       0x10 c:/users/cobol/.p2/pool/plugins/fr.ac6.mcu.externaltools.arm-none.win32_1.12.0.201611241417/tools/compiler/bin/../lib/gcc/arm-none-eabi/5.4.1/../../../../arm-none-eabi/lib/armv7e-m/fpu\libc.a(lib_a-malloc.o)
                0x08003884                malloc
 .text._malloc_r
                0x08003894      0x570 c:/users/cobol/.p2/pool/plugins/fr.ac6.mcu.externaltools.arm-none.win32_1.12.0.201611241417/tools/compiler/bin/../lib/gcc/arm-none-eabi/5.4.1/../../../../arm-none-eabi/lib/armv7e-m/fpu\libc.a(lib_a-mallocr.o)
                0x08003894                _malloc_r
 .text.memset   0x08003e04       0x9c c:/users/cobol/.p2/pool/plugins/fr.ac6.mcu.externaltools.arm-none.win32_1.12.0.201611241417/tools/compiler/bin/../lib/gcc/arm-none-eabi/5.4.1/../../../../arm-none-eabi/lib/armv7e-m/fpu\libc.a(lib_a-memset.o)
                0x08003e04                memset
 .text.__malloc_lock
                0x08003ea0        0x4 c:/users/cobol/.p2/pool/plugins/fr.ac6.mcu.externaltools.arm-none.win32_1.12.0.201611241417/tools/compiler/bin/../lib/gcc/arm-none-eabi/5.4.1/../../../../arm-none-eabi/lib/armv7e-m/fpu\libc.a(lib_a-mlock.o)
                0x08003ea0                __malloc_lock
 .text.__malloc_unlock
                0x08003ea4        0x4 c:/users/cobol/.p2/pool/plugins/fr.ac6.mcu.externaltools.arm-none.win32_1.12.0.201611241417/tools/compiler/bin/../lib/gcc/arm-none-eabi/5.4.1/../../../../arm-none-eabi/lib/armv7e-m/fpu\libc.a(lib_a-mlock.o)
                0x08003ea4                __malloc_unlock
 .text._sbrk_r  0x08003ea8       0x24 c:/users/cobol/.p2/pool/plugins/fr.ac6.mcu.externaltools.arm-none.win32_1.12.0.201611241417/tools/compiler/bin/../lib/gcc/arm-none-eabi/5.4.1/../../../../arm-none-eabi/lib/armv7e-m/fpu\libc.a(lib_a-sbrkr.o)
                0x08003ea8                _sbrk_r
 .text.startup.register_fini
                0x08003ecc       0x14 c:/users/cobol/.p2/pool/plugins/fr.ac6.mcu.externaltools.arm-none.win32_1.12.0.201611241417/tools/compiler/bin/../lib/gcc/arm-none-eabi/5.4.1/../../../../arm-none-eabi/lib/armv7e-m/fpu\libc.a(lib_a-__call_atexit.o)
 .text.atexit   0x08003ee0        0xc c:/users/cobol/.p2/pool/plugins/fr.ac6.mcu.externaltools.arm-none.win32_1.12.0.201611241417/tools/compiler/bin/../lib/gcc/arm-none-eabi/5.4.1/../../../../arm-none-eabi/lib/armv7e-m/fpu\libc.a(lib_a-atexit.o)
                0x08003ee0                atexit
 .text.__libc_fini_array
                0x08003eec       0x28 c:/users/cobol/.p2/pool/plugins/fr.ac6.mcu.externaltools.arm-none.win32_1.12.0.201611241417/tools/compiler/bin/../lib/gcc/arm-none-eabi/5.4.1/../../../../arm-none-eabi/lib/armv7e-m/fpu\libc.a(lib_a-fini.o)
                0x08003eec                __libc_fini_array
 .text._malloc_trim_r
                0x08003f14       0x9c c:/users/cobol/.p2/pool/plugins/fr.ac6.mcu.externaltools.arm-none.win32_1.12.0.201611241417/tools/compiler/bin/../lib/gcc/arm-none-eabi/5.4.1/../../../../arm-none-eabi/lib/armv7e-m/fpu\libc.a(lib_a-freer.o)
                0x08003f14                _malloc_trim_r
 .text._free_r  0x08003fb0      0x1d0 c:/users/cobol/.p2/pool/plugins/fr.ac6.mcu.externaltools.arm-none.win32_1.12.0.201611241417/tools/compiler/bin/../lib/gcc/arm-none-eabi/5.4.1/../../../../arm-none-eabi/lib/armv7e-m/fpu\libc.a(lib_a-freer.o)
                0x08003fb0                _free_r
 .text.__register_exitproc
                0x08004180       0xa4 c:/users/cobol/.p2/pool/plugins/fr.ac6.mcu.externaltools.arm-none.win32_1.12.0.201611241417/tools/compiler/bin/../lib/gcc/arm-none-eabi/5.4.1/../../../../arm-none-eabi/lib/armv7e-m/fpu\libc.a(lib_a-__atexit.o)
                0x08004180                __register_exitproc
 *(.glue_7)
 .glue_7        0x08004224        0x0 linker stubs
 *(.glue_7t)
 .glue_7t       0x08004224        0x0 linker stubs
 *(.eh_frame)
 .eh_frame      0x08004224        0x0 c:/users/cobol/.p2/pool/plugins/fr.ac6.mcu.externaltools.arm-none.win32_1.12.0.201611241417/tools/compiler/bin/../lib/gcc/arm-none-eabi/5.4.1/armv7e-m/fpu/crtbegin.o
 *(.init)
 .init          0x08004224        0x4 c:/users/cobol/.p2/pool/plugins/fr.ac6.mcu.externaltools.arm-none.win32_1.12.0.201611241417/tools/compiler/bin/../lib/gcc/arm-none-eabi/5.4.1/armv7e-m/fpu/crti.o
                0x08004224                _init
 .init          0x08004228        0x8 c:/users/cobol/.p2/pool/plugins/fr.ac6.mcu.externaltools.arm-none.win32_1.12.0.201611241417/tools/compiler/bin/../lib/gcc/arm-none-eabi/5.4.1/armv7e-m/fpu/crtn.o
 *(.fini)
 .fini          0x08004230        0x4 c:/users/cobol/.p2/pool/plugins/fr.ac6.mcu.externaltools.arm-none.win32_1.12.0.201611241417/tools/compiler/bin/../lib/gcc/arm-none-eabi/5.4.1/armv7e-m/fpu/crti.o
                0x08004230                _fini
 .fini          0x08004234        0x8 c:/users/cobol/.p2/pool/plugins/fr.ac6.mcu.externaltools.arm-none.win32_1.12.0.201611241417/tools/compiler/bin/../lib/gcc/arm-none-eabi/5.4.1/armv7e-m/fpu/crtn.o
                0x0800423c                . = ALIGN (0x4)
                0x0800423c                _etext = .

.vfp11_veneer   0x0800423c        0x0
 .vfp11_veneer  0x0800423c        0x0 linker stubs

.v4_bx          0x0800423c        0x0
 .v4_bx         0x0800423c        0x0 linker stubs

.iplt           0x0800423c        0x0
 .iplt          0x0800423c        0x0 c:/users/cobol/.p2/pool/plugins/fr.ac6.mcu.externaltools.arm-none.win32_1.12.0.201611241417/tools/compiler/bin/../lib/gcc/arm-none-eabi/5.4.1/armv7e-m/fpu/crtbegin.o

.rodata         0x0800423c      0x1a8
                0x0800423c                . = ALIGN (0x4)
 *(.rodata)
 .rodata        0x0800423c      0x186 src/main.o
 *fill*         0x080043c2        0x2 
 .rodata        0x080043c4        0x5 src/tasks.o
 *fill*         0x080043c9        0x3 
 .rodata        0x080043cc        0xd src/timers.o
 *(.rodata*)
 *fill*         0x080043d9        0x3 
 .rodata.str1.4
                0x080043dc        0x4 c:/users/cobol/.p2/pool/plugins/fr.ac6.mcu.externaltools.arm-none.win32_1.12.0.201611241417/tools/compiler/bin/../lib/gcc/arm-none-eabi/5.4.1/../../../../arm-none-eabi/lib/armv7e-m/fpu\libc.a(lib_a-impure.o)
                                  0x2 (size before relaxing)
 .rodata._global_impure_ptr
                0x080043e0        0x4 c:/users/cobol/.p2/pool/plugins/fr.ac6.mcu.externaltools.arm-none.win32_1.12.0.201611241417/tools/compiler/bin/../lib/gcc/arm-none-eabi/5.4.1/../../../../arm-none-eabi/lib/armv7e-m/fpu\libc.a(lib_a-impure.o)
                0x080043e0                _global_impure_ptr
                0x080043e4                . = ALIGN (0x4)

.rel.dyn        0x080043e4        0x0
 .rel.iplt      0x080043e4        0x0 c:/users/cobol/.p2/pool/plugins/fr.ac6.mcu.externaltools.arm-none.win32_1.12.0.201611241417/tools/compiler/bin/../lib/gcc/arm-none-eabi/5.4.1/armv7e-m/fpu/crtbegin.o

.ARM.extab      0x080043e4        0x0
                0x080043e4                . = ALIGN (0x4)
 *(.ARM.extab* .gnu.linkonce.armextab.*)
                0x080043e4                . = ALIGN (0x4)

.ARM            0x080043e4        0x0
                0x080043e4                . = ALIGN (0x4)
                0x080043e4                __exidx_start = .
 *(.ARM.exidx*)
                0x080043e4                __exidx_end = .
                0x080043e4                . = ALIGN (0x4)

.preinit_array  0x080043e4        0x0
                0x080043e4                . = ALIGN (0x4)
                0x080043e4                PROVIDE (__preinit_array_start, .)
 *(.preinit_array*)
                0x080043e4                PROVIDE (__preinit_array_end, .)
                0x080043e4                . = ALIGN (0x4)

.init_array     0x080043e4        0x8
                0x080043e4                . = ALIGN (0x4)
                0x080043e4                PROVIDE (__init_array_start, .)
 *(SORT(.init_array.*))
 .init_array.00000
                0x080043e4        0x4 c:/users/cobol/.p2/pool/plugins/fr.ac6.mcu.externaltools.arm-none.win32_1.12.0.201611241417/tools/compiler/bin/../lib/gcc/arm-none-eabi/5.4.1/../../../../arm-none-eabi/lib/armv7e-m/fpu\libc.a(lib_a-__call_atexit.o)
 *(.init_array*)
 .init_array    0x080043e8        0x4 c:/users/cobol/.p2/pool/plugins/fr.ac6.mcu.externaltools.arm-none.win32_1.12.0.201611241417/tools/compiler/bin/../lib/gcc/arm-none-eabi/5.4.1/armv7e-m/fpu/crtbegin.o
                0x080043ec                PROVIDE (__init_array_end, .)
                0x080043ec                . = ALIGN (0x4)

.fini_array     0x080043ec        0x4
                0x080043ec                . = ALIGN (0x4)
                0x080043ec                PROVIDE (__fini_array_start, .)
 *(SORT(.fini_array.*))
 *(.fini_array*)
 .fini_array    0x080043ec        0x4 c:/users/cobol/.p2/pool/plugins/fr.ac6.mcu.externaltools.arm-none.win32_1.12.0.201611241417/tools/compiler/bin/../lib/gcc/arm-none-eabi/5.4.1/armv7e-m/fpu/crtbegin.o
                0x080043f0                PROVIDE (__fini_array_end, .)
                0x080043f0                . = ALIGN (0x4)
                0x080043f0                _sidata = LOADADDR (.data)

.data           0x20000000      0x92c load address 0x080043f0
                0x20000000                . = ALIGN (0x4)
                0x20000000                _sdata = .
 *(.data)
 .data          0x20000000       0x64 src/main.o
                0x20000000                mux_LUTs
                0x20000024                bufPiz1
                0x20000034                bufPiz2
                0x20000044                bufAcc1
                0x20000054                bufAcc2
 .data          0x20000064        0x4 src/port.o
 .data          0x20000068       0x14 src/system_stm32f4xx.o
                0x20000068                SystemCoreClock
                0x2000006c                AHBPrescTable
 .data          0x2000007c        0x4 src/tasks.o
 .data          0x20000080       0x60 src/tm_stm32f4_usart.o
                0x20000080                TM_USART1
                0x20000090                TM_USART2
                0x200000a0                TM_USART3
                0x200000b0                TM_UART4
                0x200000c0                TM_UART5
                0x200000d0                TM_USART6
 .data          0x200000e0       0x10 C:\Users\CoBoL\workspace_nion\stm32f407g-disc1_stdperiph_lib\Debug\libstm32f407g-disc1_stdperiph_lib.a(stm32f4xx_rcc.o)
 *(.data*)
 .data.impure_data
                0x200000f0      0x428 c:/users/cobol/.p2/pool/plugins/fr.ac6.mcu.externaltools.arm-none.win32_1.12.0.201611241417/tools/compiler/bin/../lib/gcc/arm-none-eabi/5.4.1/../../../../arm-none-eabi/lib/armv7e-m/fpu\libc.a(lib_a-impure.o)
 .data._impure_ptr
                0x20000518        0x4 c:/users/cobol/.p2/pool/plugins/fr.ac6.mcu.externaltools.arm-none.win32_1.12.0.201611241417/tools/compiler/bin/../lib/gcc/arm-none-eabi/5.4.1/../../../../arm-none-eabi/lib/armv7e-m/fpu\libc.a(lib_a-impure.o)
                0x20000518                _impure_ptr
 .data.__malloc_av_
                0x2000051c      0x408 c:/users/cobol/.p2/pool/plugins/fr.ac6.mcu.externaltools.arm-none.win32_1.12.0.201611241417/tools/compiler/bin/../lib/gcc/arm-none-eabi/5.4.1/../../../../arm-none-eabi/lib/armv7e-m/fpu\libc.a(lib_a-mallocr.o)
                0x2000051c                __malloc_av_
 .data.__malloc_trim_threshold
                0x20000924        0x4 c:/users/cobol/.p2/pool/plugins/fr.ac6.mcu.externaltools.arm-none.win32_1.12.0.201611241417/tools/compiler/bin/../lib/gcc/arm-none-eabi/5.4.1/../../../../arm-none-eabi/lib/armv7e-m/fpu\libc.a(lib_a-mallocr.o)
                0x20000924                __malloc_trim_threshold
 .data.__malloc_sbrk_base
                0x20000928        0x4 c:/users/cobol/.p2/pool/plugins/fr.ac6.mcu.externaltools.arm-none.win32_1.12.0.201611241417/tools/compiler/bin/../lib/gcc/arm-none-eabi/5.4.1/../../../../arm-none-eabi/lib/armv7e-m/fpu\libc.a(lib_a-mallocr.o)
                0x20000928                __malloc_sbrk_base
                0x2000092c                . = ALIGN (0x4)
                0x2000092c                _edata = .

.jcr            0x2000092c        0x0 load address 0x08004d1c
 .jcr           0x2000092c        0x0 c:/users/cobol/.p2/pool/plugins/fr.ac6.mcu.externaltools.arm-none.win32_1.12.0.201611241417/tools/compiler/bin/../lib/gcc/arm-none-eabi/5.4.1/armv7e-m/fpu/crtbegin.o

.igot.plt       0x2000092c        0x0 load address 0x08004d1c
 .igot.plt      0x2000092c        0x0 c:/users/cobol/.p2/pool/plugins/fr.ac6.mcu.externaltools.arm-none.win32_1.12.0.201611241417/tools/compiler/bin/../lib/gcc/arm-none-eabi/5.4.1/armv7e-m/fpu/crtbegin.o
                0x2000092c                . = ALIGN (0x4)

.bss            0x2000092c    0x12fc8 load address 0x08004d1c
                0x2000092c                _sbss = .
                0x2000092c                __bss_start__ = _sbss
 *(.bss)
 .bss           0x2000092c       0x1c c:/users/cobol/.p2/pool/plugins/fr.ac6.mcu.externaltools.arm-none.win32_1.12.0.201611241417/tools/compiler/bin/../lib/gcc/arm-none-eabi/5.4.1/armv7e-m/fpu/crtbegin.o
 .bss           0x20000948    0x12c08 src/heap_1.o
 .bss           0x20013550        0xc src/main.o
                0x20013550                Comm_Sem
                0x20013554                Piezo_Sem
                0x20013558                Acc_Sem
 .bss           0x2001355c        0x8 src/port.o
 .bss           0x20013564        0x8 src/syscalls.o
                0x20013564                __env
 .bss           0x2001356c       0xfc src/tasks.o
                0x2001356c                pxCurrentTCB
 .bss           0x20013668       0x38 src/timers.o
 .bss           0x200136a0       0x16 src/tm_stm32f4_gpio.o
 *(.bss*)
 *fill*         0x200136b6        0x2 
 .bss.__malloc_max_total_mem
                0x200136b8        0x4 c:/users/cobol/.p2/pool/plugins/fr.ac6.mcu.externaltools.arm-none.win32_1.12.0.201611241417/tools/compiler/bin/../lib/gcc/arm-none-eabi/5.4.1/../../../../arm-none-eabi/lib/armv7e-m/fpu\libc.a(lib_a-mallocr.o)
                0x200136b8                __malloc_max_total_mem
 .bss.__malloc_max_sbrked_mem
                0x200136bc        0x4 c:/users/cobol/.p2/pool/plugins/fr.ac6.mcu.externaltools.arm-none.win32_1.12.0.201611241417/tools/compiler/bin/../lib/gcc/arm-none-eabi/5.4.1/../../../../arm-none-eabi/lib/armv7e-m/fpu\libc.a(lib_a-mallocr.o)
                0x200136bc                __malloc_max_sbrked_mem
 .bss.__malloc_top_pad
                0x200136c0        0x4 c:/users/cobol/.p2/pool/plugins/fr.ac6.mcu.externaltools.arm-none.win32_1.12.0.201611241417/tools/compiler/bin/../lib/gcc/arm-none-eabi/5.4.1/../../../../arm-none-eabi/lib/armv7e-m/fpu\libc.a(lib_a-mallocr.o)
                0x200136c0                __malloc_top_pad
 .bss.__malloc_current_mallinfo
                0x200136c4       0x28 c:/users/cobol/.p2/pool/plugins/fr.ac6.mcu.externaltools.arm-none.win32_1.12.0.201611241417/tools/compiler/bin/../lib/gcc/arm-none-eabi/5.4.1/../../../../arm-none-eabi/lib/armv7e-m/fpu\libc.a(lib_a-mallocr.o)
                0x200136c4                __malloc_current_mallinfo
 *(COMMON)
 COMMON         0x200136ec      0x104 src/main.o
                0x200136ec                bufAcc2_space
                0x20013728                bufAcc1_space
                0x20013764                TimerACC
                0x20013768                TimerPiz
                0x2001376c                xQueueACC
                0x20013770                bufPiz2_space
                0x200137ac                Timer1KHz
                0x200137b0                bufPiz1_space
                0x200137ec                xQueuePiz
 COMMON         0x200137f0       0x40 src/queue.o
                0x200137f0                xQueueRegistry
 COMMON         0x20013830       0xc0 src/tm_stm32f4_usart.o
                0x20013830                TM_UART5_Buffer
                0x20013850                TM_USART6_Buffer
                0x20013870                TM_USART3_Buffer
                0x20013890                TM_USART2_Buffer
                0x200138b0                TM_USART1_Buffer
                0x200138d0                TM_UART4_Buffer
 COMMON         0x200138f0        0x4 c:/users/cobol/.p2/pool/plugins/fr.ac6.mcu.externaltools.arm-none.win32_1.12.0.201611241417/tools/compiler/bin/../lib/gcc/arm-none-eabi/5.4.1/../../../../arm-none-eabi/lib/armv7e-m/fpu\libc.a(lib_a-reent.o)
                0x200138f0                errno
                0x200138f4                . = ALIGN (0x4)
                0x200138f4                _ebss = .
                0x200138f4                __bss_end__ = _ebss

._user_heap_stack
                0x200138f4      0x404 load address 0x08004d1c
                0x200138f8                . = ALIGN (0x8)
 *fill*         0x200138f4        0x4 
                0x200138f8                PROVIDE (end, .)
                [!provide]                PROVIDE (_end, .)
                0x200138f8                . = (. + _Min_Heap_Size)
                0x20013cf8                . = (. + _Min_Stack_Size)
 *fill*         0x200138f8      0x400 
                0x20013cf8                . = ALIGN (0x8)

/DISCARD/
 libc.a(*)
 libm.a(*)
 libgcc.a(*)

.ARM.attributes
                0x00000000       0x30
 *(.ARM.attributes)
 .ARM.attributes
                0x00000000       0x22 c:/users/cobol/.p2/pool/plugins/fr.ac6.mcu.externaltools.arm-none.win32_1.12.0.201611241417/tools/compiler/bin/../lib/gcc/arm-none-eabi/5.4.1/armv7e-m/fpu/crti.o
 .ARM.attributes
                0x00000022       0x34 c:/users/cobol/.p2/pool/plugins/fr.ac6.mcu.externaltools.arm-none.win32_1.12.0.201611241417/tools/compiler/bin/../lib/gcc/arm-none-eabi/5.4.1/armv7e-m/fpu/crtbegin.o
 .ARM.attributes
                0x00000056       0x39 src/heap_1.o
 .ARM.attributes
                0x0000008f       0x39 src/list.o
 .ARM.attributes
                0x000000c8       0x39 src/main.o
 .ARM.attributes
                0x00000101       0x39 src/port.o
 .ARM.attributes
                0x0000013a       0x39 src/queue.o
 .ARM.attributes
                0x00000173       0x39 src/syscalls.o
 .ARM.attributes
                0x000001ac       0x39 src/system_stm32f4xx.o
 .ARM.attributes
                0x000001e5       0x39 src/tasks.o
 .ARM.attributes
                0x0000021e       0x39 src/timers.o
 .ARM.attributes
                0x00000257       0x39 src/tm_stm32f4_disco.o
 .ARM.attributes
                0x00000290       0x39 src/tm_stm32f4_gpio.o
 .ARM.attributes
                0x000002c9       0x39 src/tm_stm32f4_usart.o
 .ARM.attributes
                0x00000302       0x25 startup/startup_stm32.o
 .ARM.attributes
                0x00000327       0x39 C:\Users\CoBoL\workspace_nion\stm32f407g-disc1_stdperiph_lib\Debug\libstm32f407g-disc1_stdperiph_lib.a(misc.o)
 .ARM.attributes
                0x00000360       0x39 C:\Users\CoBoL\workspace_nion\stm32f407g-disc1_stdperiph_lib\Debug\libstm32f407g-disc1_stdperiph_lib.a(stm32f4xx_rcc.o)
 .ARM.attributes
                0x00000399       0x39 C:\Users\CoBoL\workspace_nion\stm32f407g-disc1_stdperiph_lib\Debug\libstm32f407g-disc1_stdperiph_lib.a(stm32f4xx_usart.o)
 .ARM.attributes
                0x000003d2       0x34 c:/users/cobol/.p2/pool/plugins/fr.ac6.mcu.externaltools.arm-none.win32_1.12.0.201611241417/tools/compiler/bin/../lib/gcc/arm-none-eabi/5.4.1/../../../../arm-none-eabi/lib/armv7e-m/fpu\libc.a(lib_a-errno.o)
 .ARM.attributes
                0x00000406       0x34 c:/users/cobol/.p2/pool/plugins/fr.ac6.mcu.externaltools.arm-none.win32_1.12.0.201611241417/tools/compiler/bin/../lib/gcc/arm-none-eabi/5.4.1/../../../../arm-none-eabi/lib/armv7e-m/fpu\libc.a(lib_a-impure.o)
 .ARM.attributes
                0x0000043a       0x34 c:/users/cobol/.p2/pool/plugins/fr.ac6.mcu.externaltools.arm-none.win32_1.12.0.201611241417/tools/compiler/bin/../lib/gcc/arm-none-eabi/5.4.1/../../../../arm-none-eabi/lib/armv7e-m/fpu\libc.a(lib_a-init.o)
 .ARM.attributes
                0x0000046e       0x34 c:/users/cobol/.p2/pool/plugins/fr.ac6.mcu.externaltools.arm-none.win32_1.12.0.201611241417/tools/compiler/bin/../lib/gcc/arm-none-eabi/5.4.1/../../../../arm-none-eabi/lib/armv7e-m/fpu\libc.a(lib_a-malloc.o)
 .ARM.attributes
                0x000004a2       0x34 c:/users/cobol/.p2/pool/plugins/fr.ac6.mcu.externaltools.arm-none.win32_1.12.0.201611241417/tools/compiler/bin/../lib/gcc/arm-none-eabi/5.4.1/../../../../arm-none-eabi/lib/armv7e-m/fpu\libc.a(lib_a-mallocr.o)
 .ARM.attributes
                0x000004d6       0x20 c:/users/cobol/.p2/pool/plugins/fr.ac6.mcu.externaltools.arm-none.win32_1.12.0.201611241417/tools/compiler/bin/../lib/gcc/arm-none-eabi/5.4.1/../../../../arm-none-eabi/lib/armv7e-m/fpu\libc.a(lib_a-memcpy.o)
 .ARM.attributes
                0x000004f6       0x34 c:/users/cobol/.p2/pool/plugins/fr.ac6.mcu.externaltools.arm-none.win32_1.12.0.201611241417/tools/compiler/bin/../lib/gcc/arm-none-eabi/5.4.1/../../../../arm-none-eabi/lib/armv7e-m/fpu\libc.a(lib_a-memset.o)
 .ARM.attributes
                0x0000052a       0x34 c:/users/cobol/.p2/pool/plugins/fr.ac6.mcu.externaltools.arm-none.win32_1.12.0.201611241417/tools/compiler/bin/../lib/gcc/arm-none-eabi/5.4.1/../../../../arm-none-eabi/lib/armv7e-m/fpu\libc.a(lib_a-mlock.o)
 .ARM.attributes
                0x0000055e       0x34 c:/users/cobol/.p2/pool/plugins/fr.ac6.mcu.externaltools.arm-none.win32_1.12.0.201611241417/tools/compiler/bin/../lib/gcc/arm-none-eabi/5.4.1/../../../../arm-none-eabi/lib/armv7e-m/fpu\libc.a(lib_a-sbrkr.o)
 .ARM.attributes
                0x00000592       0x34 c:/users/cobol/.p2/pool/plugins/fr.ac6.mcu.externaltools.arm-none.win32_1.12.0.201611241417/tools/compiler/bin/../lib/gcc/arm-none-eabi/5.4.1/../../../../arm-none-eabi/lib/armv7e-m/fpu\libc.a(lib_a-__call_atexit.o)
 .ARM.attributes
                0x000005c6       0x34 c:/users/cobol/.p2/pool/plugins/fr.ac6.mcu.externaltools.arm-none.win32_1.12.0.201611241417/tools/compiler/bin/../lib/gcc/arm-none-eabi/5.4.1/../../../../arm-none-eabi/lib/armv7e-m/fpu\libc.a(lib_a-atexit.o)
 .ARM.attributes
                0x000005fa       0x34 c:/users/cobol/.p2/pool/plugins/fr.ac6.mcu.externaltools.arm-none.win32_1.12.0.201611241417/tools/compiler/bin/../lib/gcc/arm-none-eabi/5.4.1/../../../../arm-none-eabi/lib/armv7e-m/fpu\libc.a(lib_a-fini.o)
 .ARM.attributes
                0x0000062e       0x34 c:/users/cobol/.p2/pool/plugins/fr.ac6.mcu.externaltools.arm-none.win32_1.12.0.201611241417/tools/compiler/bin/../lib/gcc/arm-none-eabi/5.4.1/../../../../arm-none-eabi/lib/armv7e-m/fpu\libc.a(lib_a-freer.o)
 .ARM.attributes
                0x00000662       0x34 c:/users/cobol/.p2/pool/plugins/fr.ac6.mcu.externaltools.arm-none.win32_1.12.0.201611241417/tools/compiler/bin/../lib/gcc/arm-none-eabi/5.4.1/../../../../arm-none-eabi/lib/armv7e-m/fpu\libc.a(lib_a-reent.o)
 .ARM.attributes
                0x00000696       0x34 c:/users/cobol/.p2/pool/plugins/fr.ac6.mcu.externaltools.arm-none.win32_1.12.0.201611241417/tools/compiler/bin/../lib/gcc/arm-none-eabi/5.4.1/../../../../arm-none-eabi/lib/armv7e-m/fpu\libc.a(lib_a-__atexit.o)
 .ARM.attributes
                0x000006ca       0x22 c:/users/cobol/.p2/pool/plugins/fr.ac6.mcu.externaltools.arm-none.win32_1.12.0.201611241417/tools/compiler/bin/../lib/gcc/arm-none-eabi/5.4.1/armv7e-m/fpu/crtn.o
OUTPUT(servo_test.elf elf32-littlearm)

.debug_info     0x00000000     0x7898
 .debug_info    0x00000000      0x189 src/heap_1.o
 .debug_info    0x00000189      0x2a8 src/list.o
 .debug_info    0x00000431      0x616 src/main.o
 .debug_info    0x00000a47      0x340 src/port.o
 .debug_info    0x00000d87      0xbd8 src/queue.o
 .debug_info    0x0000195f      0x6ca src/syscalls.o
 .debug_info    0x00002029      0x611 src/system_stm32f4xx.o
 .debug_info    0x0000263a     0x11ff src/tasks.o
 .debug_info    0x00003839      0x7fc src/timers.o
 .debug_info    0x00004035      0x27b src/tm_stm32f4_disco.o
 .debug_info    0x000042b0      0x879 src/tm_stm32f4_gpio.o
 .debug_info    0x00004b29      0xf71 src/tm_stm32f4_usart.o
 .debug_info    0x00005a9a       0x6e startup/startup_stm32.o
 .debug_info    0x00005b08      0x55e C:\Users\CoBoL\workspace_nion\stm32f407g-disc1_stdperiph_lib\Debug\libstm32f407g-disc1_stdperiph_lib.a(misc.o)
 .debug_info    0x00006066      0xe60 C:\Users\CoBoL\workspace_nion\stm32f407g-disc1_stdperiph_lib\Debug\libstm32f407g-disc1_stdperiph_lib.a(stm32f4xx_rcc.o)
 .debug_info    0x00006ec6      0x9d2 C:\Users\CoBoL\workspace_nion\stm32f407g-disc1_stdperiph_lib\Debug\libstm32f407g-disc1_stdperiph_lib.a(stm32f4xx_usart.o)

.debug_abbrev   0x00000000     0x1612
 .debug_abbrev  0x00000000       0xf1 src/heap_1.o
 .debug_abbrev  0x000000f1       0xc1 src/list.o
 .debug_abbrev  0x000001b2      0x173 src/main.o
 .debug_abbrev  0x00000325      0x1a0 src/port.o
 .debug_abbrev  0x000004c5      0x1bd src/queue.o
 .debug_abbrev  0x00000682      0x177 src/syscalls.o
 .debug_abbrev  0x000007f9      0x13d src/system_stm32f4xx.o
 .debug_abbrev  0x00000936      0x22b src/tasks.o
 .debug_abbrev  0x00000b61      0x18b src/timers.o
 .debug_abbrev  0x00000cec       0xf5 src/tm_stm32f4_disco.o
 .debug_abbrev  0x00000de1      0x156 src/tm_stm32f4_gpio.o
 .debug_abbrev  0x00000f37      0x260 src/tm_stm32f4_usart.o
 .debug_abbrev  0x00001197       0x12 startup/startup_stm32.o
 .debug_abbrev  0x000011a9      0x14c C:\Users\CoBoL\workspace_nion\stm32f407g-disc1_stdperiph_lib\Debug\libstm32f407g-disc1_stdperiph_lib.a(misc.o)
 .debug_abbrev  0x000012f5      0x1c1 C:\Users\CoBoL\workspace_nion\stm32f407g-disc1_stdperiph_lib\Debug\libstm32f407g-disc1_stdperiph_lib.a(stm32f4xx_rcc.o)
 .debug_abbrev  0x000014b6      0x15c C:\Users\CoBoL\workspace_nion\stm32f407g-disc1_stdperiph_lib\Debug\libstm32f407g-disc1_stdperiph_lib.a(stm32f4xx_usart.o)

.debug_aranges  0x00000000      0xa60
 .debug_aranges
                0x00000000       0x38 src/heap_1.o
 .debug_aranges
                0x00000038       0x40 src/list.o
 .debug_aranges
                0x00000078       0x68 src/main.o
 .debug_aranges
                0x000000e0       0x98 src/port.o
 .debug_aranges
                0x00000178       0xf8 src/queue.o
 .debug_aranges
                0x00000270       0xb0 src/syscalls.o
 .debug_aranges
                0x00000320       0x30 src/system_stm32f4xx.o
 .debug_aranges
                0x00000350      0x190 src/tasks.o
 .debug_aranges
                0x000004e0       0x90 src/timers.o
 .debug_aranges
                0x00000570       0x38 src/tm_stm32f4_disco.o
 .debug_aranges
                0x000005a8       0x98 src/tm_stm32f4_gpio.o
 .debug_aranges
                0x00000640       0xf8 src/tm_stm32f4_usart.o
 .debug_aranges
                0x00000738       0x28 startup/startup_stm32.o
 .debug_aranges
                0x00000760       0x40 C:\Users\CoBoL\workspace_nion\stm32f407g-disc1_stdperiph_lib\Debug\libstm32f407g-disc1_stdperiph_lib.a(misc.o)
 .debug_aranges
                0x000007a0      0x1c0 C:\Users\CoBoL\workspace_nion\stm32f407g-disc1_stdperiph_lib\Debug\libstm32f407g-disc1_stdperiph_lib.a(stm32f4xx_rcc.o)
 .debug_aranges
                0x00000960      0x100 C:\Users\CoBoL\workspace_nion\stm32f407g-disc1_stdperiph_lib\Debug\libstm32f407g-disc1_stdperiph_lib.a(stm32f4xx_usart.o)

.debug_ranges   0x00000000      0x968
 .debug_ranges  0x00000000       0x28 src/heap_1.o
 .debug_ranges  0x00000028       0x30 src/list.o
 .debug_ranges  0x00000058       0x58 src/main.o
 .debug_ranges  0x000000b0       0x88 src/port.o
 .debug_ranges  0x00000138       0xe8 src/queue.o
 .debug_ranges  0x00000220       0xa0 src/syscalls.o
 .debug_ranges  0x000002c0       0x20 src/system_stm32f4xx.o
 .debug_ranges  0x000002e0      0x180 src/tasks.o
 .debug_ranges  0x00000460       0x80 src/timers.o
 .debug_ranges  0x000004e0       0x28 src/tm_stm32f4_disco.o
 .debug_ranges  0x00000508       0x88 src/tm_stm32f4_gpio.o
 .debug_ranges  0x00000590       0xe8 src/tm_stm32f4_usart.o
 .debug_ranges  0x00000678       0x20 startup/startup_stm32.o
 .debug_ranges  0x00000698       0x30 C:\Users\CoBoL\workspace_nion\stm32f407g-disc1_stdperiph_lib\Debug\libstm32f407g-disc1_stdperiph_lib.a(misc.o)
 .debug_ranges  0x000006c8      0x1b0 C:\Users\CoBoL\workspace_nion\stm32f407g-disc1_stdperiph_lib\Debug\libstm32f407g-disc1_stdperiph_lib.a(stm32f4xx_rcc.o)
 .debug_ranges  0x00000878       0xf0 C:\Users\CoBoL\workspace_nion\stm32f407g-disc1_stdperiph_lib\Debug\libstm32f407g-disc1_stdperiph_lib.a(stm32f4xx_usart.o)

.debug_macro    0x00000000    0x117d4
 .debug_macro   0x00000000      0x19a src/heap_1.o
 .debug_macro   0x0000019a      0x179 src/list.o
 .debug_macro   0x00000313      0x466 src/main.o
 .debug_macro   0x00000779       0x16 src/main.o
 .debug_macro   0x0000078f       0x97 src/main.o
 .debug_macro   0x00000826       0xfd src/main.o
 .debug_macro   0x00000923       0x10 src/main.o
 .debug_macro   0x00000933       0x10 src/main.o
 .debug_macro   0x00000943       0x1c src/main.o
 .debug_macro   0x0000095f       0x52 src/main.o
 .debug_macro   0x000009b1       0x40 src/main.o
 .debug_macro   0x000009f1       0x10 src/main.o
 .debug_macro   0x00000a01       0x40 src/main.o
 .debug_macro   0x00000a41       0xd7 src/main.o
 .debug_macro   0x00000b18       0x16 src/main.o
 .debug_macro   0x00000b2e      0x189 src/main.o
 .debug_macro   0x00000cb7       0x65 src/main.o
 .debug_macro   0x00000d1c       0x3b src/main.o
 .debug_macro   0x00000d57       0x2d src/main.o
 .debug_macro   0x00000d84       0x26 src/main.o
 .debug_macro   0x00000daa      0xd39 src/main.o
 .debug_macro   0x00001ae3     0x8ca5 src/main.o
 .debug_macro   0x0000a788      0x44f src/main.o
 .debug_macro   0x0000abd7       0xb2 src/main.o
 .debug_macro   0x0000ac89      0x477 src/main.o
 .debug_macro   0x0000b100       0xb5 src/main.o
 .debug_macro   0x0000b1b5      0x41c src/main.o
 .debug_macro   0x0000b5d1      0x2f4 src/main.o
 .debug_macro   0x0000b8c5      0x2ba src/main.o
 .debug_macro   0x0000bb7f       0x64 src/main.o
 .debug_macro   0x0000bbe3       0xee src/main.o
 .debug_macro   0x0000bcd1      0x650 src/main.o
 .debug_macro   0x0000c321      0x57b src/main.o
 .debug_macro   0x0000c89c      0x342 src/main.o
 .debug_macro   0x0000cbde      0x36c src/main.o
 .debug_macro   0x0000cf4a       0xf7 src/main.o
 .debug_macro   0x0000d041      0x73b src/main.o
 .debug_macro   0x0000d77c      0x223 src/main.o
 .debug_macro   0x0000d99f       0x34 src/main.o
 .debug_macro   0x0000d9d3       0x82 src/main.o
 .debug_macro   0x0000da55      0x144 src/main.o
 .debug_macro   0x0000db99       0xc3 src/main.o
 .debug_macro   0x0000dc5c       0x40 src/main.o
 .debug_macro   0x0000dc9c      0x3cf src/main.o
 .debug_macro   0x0000e06b      0x188 src/main.o
 .debug_macro   0x0000e1f3      0x149 src/main.o
 .debug_macro   0x0000e33c       0x35 src/main.o
 .debug_macro   0x0000e371       0x10 src/main.o
 .debug_macro   0x0000e381       0xa9 src/main.o
 .debug_macro   0x0000e42a       0x82 src/main.o
 .debug_macro   0x0000e4ac       0x10 src/main.o
 .debug_macro   0x0000e4bc       0x90 src/main.o
 .debug_macro   0x0000e54c       0x2a src/main.o
 .debug_macro   0x0000e576      0x19a src/main.o
 .debug_macro   0x0000e710      0x10f src/main.o
 .debug_macro   0x0000e81f       0xb0 src/main.o
 .debug_macro   0x0000e8cf       0x7e src/main.o
 .debug_macro   0x0000e94d      0x17e src/port.o
 .debug_macro   0x0000eacb      0x1eb src/queue.o
 .debug_macro   0x0000ecb6      0x222 src/syscalls.o
 .debug_macro   0x0000eed8       0x10 src/syscalls.o
 .debug_macro   0x0000eee8       0x10 src/syscalls.o
 .debug_macro   0x0000eef8       0x10 src/syscalls.o
 .debug_macro   0x0000ef08       0x35 src/syscalls.o
 .debug_macro   0x0000ef3d      0x122 src/syscalls.o
 .debug_macro   0x0000f05f       0x10 src/syscalls.o
 .debug_macro   0x0000f06f      0x241 src/syscalls.o
 .debug_macro   0x0000f2b0       0x1c src/syscalls.o
 .debug_macro   0x0000f2cc      0x159 src/syscalls.o
 .debug_macro   0x0000f425       0x16 src/syscalls.o
 .debug_macro   0x0000f43b       0x88 src/syscalls.o
 .debug_macro   0x0000f4c3      0x1d2 src/system_stm32f4xx.o
 .debug_macro   0x0000f695      0x22e src/tasks.o
 .debug_macro   0x0000f8c3       0x16 src/tasks.o
 .debug_macro   0x0000f8d9      0x1b6 src/timers.o
 .debug_macro   0x0000fa8f      0x1dc src/tm_stm32f4_disco.o
 .debug_macro   0x0000fc6b      0x1ca src/tm_stm32f4_gpio.o
 .debug_macro   0x0000fe35      0x1f5 src/tm_stm32f4_usart.o
 .debug_macro   0x0001002a       0x7c src/tm_stm32f4_usart.o
 .debug_macro   0x000100a6      0x1be C:\Users\CoBoL\workspace_nion\stm32f407g-disc1_stdperiph_lib\Debug\libstm32f407g-disc1_stdperiph_lib.a(misc.o)
 .debug_macro   0x00010264      0x8aa C:\Users\CoBoL\workspace_nion\stm32f407g-disc1_stdperiph_lib\Debug\libstm32f407g-disc1_stdperiph_lib.a(misc.o)
 .debug_macro   0x00010b0e      0x28b C:\Users\CoBoL\workspace_nion\stm32f407g-disc1_stdperiph_lib\Debug\libstm32f407g-disc1_stdperiph_lib.a(stm32f4xx_rcc.o)
 .debug_macro   0x00010d99      0x64a C:\Users\CoBoL\workspace_nion\stm32f407g-disc1_stdperiph_lib\Debug\libstm32f407g-disc1_stdperiph_lib.a(stm32f4xx_rcc.o)
 .debug_macro   0x000113e3      0x1d4 C:\Users\CoBoL\workspace_nion\stm32f407g-disc1_stdperiph_lib\Debug\libstm32f407g-disc1_stdperiph_lib.a(stm32f4xx_usart.o)
 .debug_macro   0x000115b7      0x21d C:\Users\CoBoL\workspace_nion\stm32f407g-disc1_stdperiph_lib\Debug\libstm32f407g-disc1_stdperiph_lib.a(stm32f4xx_usart.o)

.debug_line     0x00000000     0x729d
 .debug_line    0x00000000      0x453 src/heap_1.o
 .debug_line    0x00000453      0x466 src/list.o
 .debug_line    0x000008b9      0x958 src/main.o
 .debug_line    0x00001211      0x4fd src/port.o
 .debug_line    0x0000170e      0x9a3 src/queue.o
 .debug_line    0x000020b1      0x5b8 src/syscalls.o
 .debug_line    0x00002669      0x697 src/system_stm32f4xx.o
 .debug_line    0x00002d00      0xcbf src/tasks.o
 .debug_line    0x000039bf      0x605 src/timers.o
 .debug_line    0x00003fc4      0x6b8 src/tm_stm32f4_disco.o
 .debug_line    0x0000467c      0x821 src/tm_stm32f4_gpio.o
 .debug_line    0x00004e9d      0x98f src/tm_stm32f4_usart.o
 .debug_line    0x0000582c       0x79 startup/startup_stm32.o
 .debug_line    0x000058a5      0x67a C:\Users\CoBoL\workspace_nion\stm32f407g-disc1_stdperiph_lib\Debug\libstm32f407g-disc1_stdperiph_lib.a(misc.o)
 .debug_line    0x00005f1f      0xa96 C:\Users\CoBoL\workspace_nion\stm32f407g-disc1_stdperiph_lib\Debug\libstm32f407g-disc1_stdperiph_lib.a(stm32f4xx_rcc.o)
 .debug_line    0x000069b5      0x8e8 C:\Users\CoBoL\workspace_nion\stm32f407g-disc1_stdperiph_lib\Debug\libstm32f407g-disc1_stdperiph_lib.a(stm32f4xx_usart.o)

.debug_str      0x00000000    0x6ae18
 .debug_str     0x00000000     0x8694 src/heap_1.o
                               0x88a4 (size before relaxing)
 .debug_str     0x00008694      0x130 src/list.o
                               0x8513 (size before relaxing)
 .debug_str     0x000087c4    0x5d31e src/main.o
                              0x65a49 (size before relaxing)
 .debug_str     0x00065ae2      0x777 src/port.o
                               0x67d0 (size before relaxing)
 .debug_str     0x00066259      0x6f3 src/queue.o
                               0x99fc (size before relaxing)
 .debug_str     0x0006694c     0x109a src/syscalls.o
                               0x772e (size before relaxing)
 .debug_str     0x000679e6      0x211 src/system_stm32f4xx.o
                              0x5c6af (size before relaxing)
 .debug_str     0x00067bf7      0xe73 src/tasks.o
                               0x9fd2 (size before relaxing)
 .debug_str     0x00068a6a      0x398 src/timers.o
                               0x9e94 (size before relaxing)
 .debug_str     0x00068e02      0x161 src/tm_stm32f4_disco.o
                              0x5cdfe (size before relaxing)
 .debug_str     0x00068f63      0x1f9 src/tm_stm32f4_gpio.o
                              0x5cd27 (size before relaxing)
 .debug_str     0x0006915c      0xa14 src/tm_stm32f4_usart.o
                              0x5df3f (size before relaxing)
 .debug_str     0x00069b70      0x1a6 C:\Users\CoBoL\workspace_nion\stm32f407g-disc1_stdperiph_lib\Debug\libstm32f407g-disc1_stdperiph_lib.a(misc.o)
                              0x5c6b1 (size before relaxing)
 .debug_str     0x00069d16      0xc71 C:\Users\CoBoL\workspace_nion\stm32f407g-disc1_stdperiph_lib\Debug\libstm32f407g-disc1_stdperiph_lib.a(stm32f4xx_rcc.o)
                              0x5d266 (size before relaxing)
 .debug_str     0x0006a987      0x491 C:\Users\CoBoL\workspace_nion\stm32f407g-disc1_stdperiph_lib\Debug\libstm32f407g-disc1_stdperiph_lib.a(stm32f4xx_usart.o)
                              0x5ca6c (size before relaxing)

.comment        0x00000000       0x6e
 .comment       0x00000000       0x6e src/heap_1.o
                                 0x6f (size before relaxing)
 .comment       0x0000006e       0x6f src/list.o
 .comment       0x0000006e       0x6f src/main.o
 .comment       0x0000006e       0x6f src/port.o
 .comment       0x0000006e       0x6f src/queue.o
 .comment       0x0000006e       0x6f src/syscalls.o
 .comment       0x0000006e       0x6f src/system_stm32f4xx.o
 .comment       0x0000006e       0x6f src/tasks.o
 .comment       0x0000006e       0x6f src/timers.o
 .comment       0x0000006e       0x6f src/tm_stm32f4_disco.o
 .comment       0x0000006e       0x6f src/tm_stm32f4_gpio.o
 .comment       0x0000006e       0x6f src/tm_stm32f4_usart.o
 .comment       0x0000006e       0x6f C:\Users\CoBoL\workspace_nion\stm32f407g-disc1_stdperiph_lib\Debug\libstm32f407g-disc1_stdperiph_lib.a(misc.o)
 .comment       0x0000006e       0x6f C:\Users\CoBoL\workspace_nion\stm32f407g-disc1_stdperiph_lib\Debug\libstm32f407g-disc1_stdperiph_lib.a(stm32f4xx_rcc.o)
 .comment       0x0000006e       0x6f C:\Users\CoBoL\workspace_nion\stm32f407g-disc1_stdperiph_lib\Debug\libstm32f407g-disc1_stdperiph_lib.a(stm32f4xx_usart.o)

.debug_frame    0x00000000     0x2c80
 .debug_frame   0x00000000       0x98 src/heap_1.o
 .debug_frame   0x00000098       0xd8 src/list.o
 .debug_frame   0x00000170      0x174 src/main.o
 .debug_frame   0x000002e4      0x1ac src/port.o
 .debug_frame   0x00000490      0x41c src/queue.o
 .debug_frame   0x000008ac      0x2d4 src/syscalls.o
 .debug_frame   0x00000b80       0x7c src/system_stm32f4xx.o
 .debug_frame   0x00000bfc      0x6ac src/tasks.o
 .debug_frame   0x000012a8      0x234 src/timers.o
 .debug_frame   0x000014dc       0x98 src/tm_stm32f4_disco.o
 .debug_frame   0x00001574      0x274 src/tm_stm32f4_gpio.o
 .debug_frame   0x000017e8      0x3ec src/tm_stm32f4_usart.o
 .debug_frame   0x00001bd4       0xd8 C:\Users\CoBoL\workspace_nion\stm32f407g-disc1_stdperiph_lib\Debug\libstm32f407g-disc1_stdperiph_lib.a(misc.o)
 .debug_frame   0x00001cac      0x83c C:\Users\CoBoL\workspace_nion\stm32f407g-disc1_stdperiph_lib\Debug\libstm32f407g-disc1_stdperiph_lib.a(stm32f4xx_rcc.o)
 .debug_frame   0x000024e8      0x490 C:\Users\CoBoL\workspace_nion\stm32f407g-disc1_stdperiph_lib\Debug\libstm32f407g-disc1_stdperiph_lib.a(stm32f4xx_usart.o)
 .debug_frame   0x00002978       0x20 c:/users/cobol/.p2/pool/plugins/fr.ac6.mcu.externaltools.arm-none.win32_1.12.0.201611241417/tools/compiler/bin/../lib/gcc/arm-none-eabi/5.4.1/../../../../arm-none-eabi/lib/armv7e-m/fpu\libc.a(lib_a-errno.o)
 .debug_frame   0x00002998       0x2c c:/users/cobol/.p2/pool/plugins/fr.ac6.mcu.externaltools.arm-none.win32_1.12.0.201611241417/tools/compiler/bin/../lib/gcc/arm-none-eabi/5.4.1/../../../../arm-none-eabi/lib/armv7e-m/fpu\libc.a(lib_a-init.o)
 .debug_frame   0x000029c4       0x30 c:/users/cobol/.p2/pool/plugins/fr.ac6.mcu.externaltools.arm-none.win32_1.12.0.201611241417/tools/compiler/bin/../lib/gcc/arm-none-eabi/5.4.1/../../../../arm-none-eabi/lib/armv7e-m/fpu\libc.a(lib_a-malloc.o)
 .debug_frame   0x000029f4       0x58 c:/users/cobol/.p2/pool/plugins/fr.ac6.mcu.externaltools.arm-none.win32_1.12.0.201611241417/tools/compiler/bin/../lib/gcc/arm-none-eabi/5.4.1/../../../../arm-none-eabi/lib/armv7e-m/fpu\libc.a(lib_a-mallocr.o)
 .debug_frame   0x00002a4c       0x34 c:/users/cobol/.p2/pool/plugins/fr.ac6.mcu.externaltools.arm-none.win32_1.12.0.201611241417/tools/compiler/bin/../lib/gcc/arm-none-eabi/5.4.1/../../../../arm-none-eabi/lib/armv7e-m/fpu\libc.a(lib_a-memset.o)
 .debug_frame   0x00002a80       0x30 c:/users/cobol/.p2/pool/plugins/fr.ac6.mcu.externaltools.arm-none.win32_1.12.0.201611241417/tools/compiler/bin/../lib/gcc/arm-none-eabi/5.4.1/../../../../arm-none-eabi/lib/armv7e-m/fpu\libc.a(lib_a-mlock.o)
 .debug_frame   0x00002ab0       0x2c c:/users/cobol/.p2/pool/plugins/fr.ac6.mcu.externaltools.arm-none.win32_1.12.0.201611241417/tools/compiler/bin/../lib/gcc/arm-none-eabi/5.4.1/../../../../arm-none-eabi/lib/armv7e-m/fpu\libc.a(lib_a-sbrkr.o)
 .debug_frame   0x00002adc       0x50 c:/users/cobol/.p2/pool/plugins/fr.ac6.mcu.externaltools.arm-none.win32_1.12.0.201611241417/tools/compiler/bin/../lib/gcc/arm-none-eabi/5.4.1/../../../../arm-none-eabi/lib/armv7e-m/fpu\libc.a(lib_a-__call_atexit.o)
 .debug_frame   0x00002b2c       0x20 c:/users/cobol/.p2/pool/plugins/fr.ac6.mcu.externaltools.arm-none.win32_1.12.0.201611241417/tools/compiler/bin/../lib/gcc/arm-none-eabi/5.4.1/../../../../arm-none-eabi/lib/armv7e-m/fpu\libc.a(lib_a-atexit.o)
 .debug_frame   0x00002b4c       0x34 c:/users/cobol/.p2/pool/plugins/fr.ac6.mcu.externaltools.arm-none.win32_1.12.0.201611241417/tools/compiler/bin/../lib/gcc/arm-none-eabi/5.4.1/../../../../arm-none-eabi/lib/armv7e-m/fpu\libc.a(lib_a-fini.o)
 .debug_frame   0x00002b80       0x74 c:/users/cobol/.p2/pool/plugins/fr.ac6.mcu.externaltools.arm-none.win32_1.12.0.201611241417/tools/compiler/bin/../lib/gcc/arm-none-eabi/5.4.1/../../../../arm-none-eabi/lib/armv7e-m/fpu\libc.a(lib_a-freer.o)
 .debug_frame   0x00002bf4       0x58 c:/users/cobol/.p2/pool/plugins/fr.ac6.mcu.externaltools.arm-none.win32_1.12.0.201611241417/tools/compiler/bin/../lib/gcc/arm-none-eabi/5.4.1/../../../../arm-none-eabi/lib/armv7e-m/fpu\libc.a(lib_a-reent.o)
 .debug_frame   0x00002c4c       0x34 c:/users/cobol/.p2/pool/plugins/fr.ac6.mcu.externaltools.arm-none.win32_1.12.0.201611241417/tools/compiler/bin/../lib/gcc/arm-none-eabi/5.4.1/../../../../arm-none-eabi/lib/armv7e-m/fpu\libc.a(lib_a-__atexit.o)
